// Jest Snapshot v1, https://goo.gl/fbAQLP

exports[`<Video /> should render correctly 1`] = `
<video
  className="MuiBox-root MuiBox-root-2"
/>
`;
