// Jest Snapshot v1, https://goo.gl/fbAQLP

exports[`<QuestionText /> component renders correctly 1`] = `
<dt
  className="MuiBox-root MuiBox-root-1"
/>
`;
