// Jest Snapshot v1, https://goo.gl/fbAQLP

exports[`<GatsbyLink /> renders correctly 1`] = `
<a
  aria-current="page"
  className="MuiTypography-root MuiLink-root MuiLink-underlineHover MuiTypography-colorPrimary"
  href="/"
  onBlur={[Function]}
  onClick={[Function]}
  onFocus={[Function]}
  onMouseEnter={[Function]}
  style={Object {}}
  target="_self"
>
  Link
</a>
`;
