// Jest Snapshot v1, https://goo.gl/fbAQLP

exports[`Use MDX components hook component for "a" should render correctly with children 1`] = `
<a
  className="MuiTypography-root MuiLink-root MuiLink-underlineHover MuiTypography-colorPrimary"
  onBlur={[Function]}
  onFocus={[Function]}
>
  Test children
</a>
`;

exports[`Use MDX components hook component for "blockquote" should render correctly without props 1`] = `
<blockquote
  className="MuiBox-root MuiBox-root-3 makeStyles-root-1"
/>
`;

exports[`Use MDX components hook component for "h1" should render correctly without props 1`] = `
<h1
  className="MuiTypography-root MuiTypography-h1 MuiTypography-gutterBottom"
/>
`;

exports[`Use MDX components hook component for "h2" should render correctly without props 1`] = `
<h2
  className="MuiTypography-root MuiTypography-h2 MuiTypography-gutterBottom"
/>
`;

exports[`Use MDX components hook component for "h3" should render correctly without props 1`] = `
<h3
  className="MuiTypography-root MuiTypography-h3 MuiTypography-gutterBottom"
/>
`;

exports[`Use MDX components hook component for "h4" should render correctly without props 1`] = `
<h4
  className="MuiTypography-root MuiTypography-h4 MuiTypography-gutterBottom"
/>
`;

exports[`Use MDX components hook component for "h5" should render correctly without props 1`] = `
<h5
  className="MuiTypography-root MuiTypography-h5 MuiTypography-gutterBottom"
/>
`;

exports[`Use MDX components hook component for "h6" should render correctly without props 1`] = `
<h6
  className="MuiTypography-root MuiTypography-h6 MuiTypography-gutterBottom"
/>
`;

exports[`Use MDX components hook component for "hr" should render correctly without props 1`] = `
<hr
  className="MuiDivider-root"
/>
`;

exports[`Use MDX components hook component for "img" should render correctly without props 1`] = `
<img
  className="makeStyles-root-41"
/>
`;

exports[`Use MDX components hook component for "li" should render correctly without props 1`] = `
<li
  className="MuiListItem-root MuiListItem-gutters"
  disabled={false}
>
  <div
    className="MuiListItemText-root"
  />
</li>
`;

exports[`Use MDX components hook component for "p" should render correctly without props 1`] = `
<p
  className="MuiTypography-root MuiTypography-body1 MuiTypography-paragraph"
/>
`;

exports[`Use MDX components hook component for "table" should render correctly with children 1`] = `
<table
  className="MuiTable-root"
  role={null}
>
  Test children
</table>
`;

exports[`Use MDX components hook component for "td" should render correctly without props 1`] = `
<td
  aria-sort={null}
  className="MuiTableCell-root"
/>
`;

exports[`Use MDX components hook component for "tr" should render correctly without props 1`] = `
<tr
  className="MuiTableRow-root"
  role={null}
/>
`;

exports[`Use MDX components hook component for "ul" should render correctly without props 1`] = `
<ul
  className="MuiList-root MuiList-padding"
/>
`;
