// Jest Snapshot v1, https://goo.gl/fbAQLP

exports[`<GatsbyLinkButton /> renders correctly 1`] = `
<a
  aria-current="page"
  aria-disabled={false}
  className="MuiTypography-root MuiLink-root MuiLink-underlineNone MuiButtonBase-root MuiButton-root MuiButton-text MuiTypography-colorPrimary"
  href="/"
  onBlur={[Function]}
  onClick={[Function]}
  onDragLeave={[Function]}
  onFocus={[Function]}
  onKeyDown={[Function]}
  onKeyUp={[Function]}
  onMouseDown={[Function]}
  onMouseEnter={[Function]}
  onMouseLeave={[Function]}
  onMouseUp={[Function]}
  onTouchEnd={[Function]}
  onTouchMove={[Function]}
  onTouchStart={[Function]}
  role="button"
  style={Object {}}
  tabIndex={0}
  target="_self"
>
  <span
    className="MuiButton-label"
  >
    Link
  </span>
</a>
`;
