// Jest Snapshot v1, https://goo.gl/fbAQLP

exports[`<Summary /> component should render correctly with no props 1`] = `
<summary
  className="MuiBox-root MuiBox-root-2"
/>
`;
