// Jest Snapshot v1, https://goo.gl/fbAQLP

exports[`<Nav/> component should render correctly with no props 1`] = `
<nav
  className="MuiBox-root MuiBox-root-2"
  role="navigation"
/>
`;
