// Jest Snapshot v1, https://goo.gl/fbAQLP

exports[`<TelephoneNumberField /> component should render correctly with no props 1`] = `
<div
  className="MuiFormControl-root MuiTextField-root"
>
  <div
    className="MuiInputBase-root MuiInput-root MuiInput-underline MuiInputBase-formControl MuiInput-formControl"
    onClick={[Function]}
  >
    <input
      aria-invalid={false}
      autoFocus={false}
      className="MuiInputBase-input MuiInput-input"
      data-name="tel"
      disabled={false}
      id="tel"
      maxLength={256}
      name="tel"
      onAnimationStart={[Function]}
      onBlur={[Function]}
      onChange={[Function]}
      onFocus={[Function]}
      required={false}
      type="tel"
    />
  </div>
</div>
`;
