// Jest Snapshot v1, https://goo.gl/fbAQLP

exports[`<Blockquote /> renders correctly 1`] = `
<blockquote
  className="MuiBox-root MuiBox-root-3 makeStyles-root-1"
/>
`;
