// Jest Snapshot v1, https://goo.gl/fbAQLP

exports[`<Audio /> component renders correctly 1`] = `
<audio
  className="MuiBox-root MuiBox-root-2"
/>
`;
