// Jest Snapshot v1, https://goo.gl/fbAQLP

exports[`<CompanyField /> component renders correctly 1`] = `
<div
  className="MuiFormControl-root MuiTextField-root"
>
  <div
    className="MuiInputBase-root MuiInput-root MuiInput-underline MuiInputBase-formControl MuiInput-formControl"
    onClick={[Function]}
  >
    <input
      aria-invalid={false}
      autoFocus={false}
      className="MuiInputBase-input MuiInput-input"
      data-name="company"
      disabled={false}
      id="company"
      maxLength={256}
      name="company"
      onAnimationStart={[Function]}
      onBlur={[Function]}
      onChange={[Function]}
      onFocus={[Function]}
      required={false}
      type="text"
    />
  </div>
</div>
`;
