// Jest Snapshot v1, https://goo.gl/fbAQLP

exports[`<BackgroundVideo /> should render correctly 1`] = `
<div
  className="MuiBox-root MuiBox-root-2 MuyBackgroundVideoContainer"
>
  <video
    autoPlay={true}
    className="MuiBox-root MuiBox-root-3 makeStyles-root-1"
    loop={true}
    muted={true}
  />
</div>
`;
