// Jest Snapshot v1, https://goo.gl/fbAQLP

exports[`<Figure /> field should render correctly 1`] = `
<figure
  className="MuiBox-root MuiBox-root-1"
/>
`;
