// Jest Snapshot v1, https://goo.gl/fbAQLP

exports[`<Canvas /> component renders correctly 1`] = `
<canvas
  className="MuiBox-root MuiBox-root-1"
/>
`;
