// Jest Snapshot v1, https://goo.gl/fbAQLP

exports[`<Blockquote /> renders correctly 1`] = `
<blockquote
  className="makeStyles-root-1"
/>
`;
