// Jest Snapshot v1, https://goo.gl/fbAQLP

exports[`<ListItemWithText/> component should render correctly with no props 1`] = `
<li
  className="MuiListItem-root MuiListItem-gutters"
  disabled={false}
>
  <div
    className="MuiListItemText-root"
  />
</li>
`;
