// Jest Snapshot v1, https://goo.gl/fbAQLP

exports[`<Header /> field should render correctly 1`] = `
<header
  className="MuiBox-root MuiBox-root-1"
/>
`;
