// Jest Snapshot v1, https://goo.gl/fbAQLP

exports[`<SiteNav /> should render correctly 1`] = `
<nav
  className="MuiBox-root MuiBox-root-2"
  itemScope={true}
  itemType="https://schema.org/SiteNavigationElement"
  role="navigation"
/>
`;
