// Jest Snapshot v1, https://goo.gl/fbAQLP

exports[`<Article /> renders correctly 1`] = `
<article
  className="MuiBox-root MuiBox-root-1"
/>
`;
