// Jest Snapshot v1, https://goo.gl/fbAQLP

exports[`<FigureCaption /> component renders correctly 1`] = `
<figcaption
  className="MuiBox-root MuiBox-root-1"
/>
`;
