// Jest Snapshot v1, https://goo.gl/fbAQLP

exports[`<Question /> component renders correctly 1`] = `
<div
  className="MuiBox-root MuiBox-root-1"
  itemProp="mainEntity"
  itemScope={true}
  itemType="https://schema.org/Question"
>
  <dt
    className="MuiBox-root MuiBox-root-2"
  />
  <dd
    className="MuiBox-root MuiBox-root-3"
    itemProp="acceptedAnswer"
    itemScope={true}
    itemType="https://schema.org/Answer"
  >
    <div
      className="MuiBox-root MuiBox-root-4"
      itemProp="text"
    />
  </dd>
  <hr
    className="MuiDivider-root"
  />
</div>
`;
